Warning : only hits on non-JS, non-CSS, non-image documents have been taken into account.
https://intranet-if.insa-lyon.fr/stages/FondInsa.html (1 hits)
https://intranet-if.insa-lyon.fr/chercheurs/gcaplat/Resume%20Modeles%20&%20Metamodeles.pdf (1 hits)
https://intranet-if.insa-lyon.fr/temps/3IF37.html (1 hits)
