Usage : ./analog [options] <filename>
[options] can be a combination of :
	-g <filename.dot> : This option creates a graph of the different request targets from the log file.
	-e : This option excludes every target that has a .png, .jpg, .jpeg, .gif, .ico, .css, .js extension.
	-t <hour> : This option excludes every request that was not done between <hour>:00 and <hour+1>:00. <hour> has to be an integer.
