Dot-file <graphe.dot> generated.
Warning : only hits on non-JS, non-CSS, non-image documents have been taken into account.
https://intranet-if.insa-lyon.fr/SiteWebIF/Intranet-etudiant.php (3 hits)
https://intranet-if.insa-lyon.fr/temps/3IF38.html (2 hits)
https://intranet-if.insa-lyon.fr/temps/4IF19.html (1 hits)
https://intranet-if.insa-lyon.fr/temps/4IF18.html (1 hits)
https://intranet-if.insa-lyon.fr/temps/4IF16.html (1 hits)
https://intranet-if.insa-lyon.fr/temps/4IF20.html (1 hits)
https://intranet-if.insa-lyon.fr/temps/4IF17.html (1 hits)
https://intranet-if.insa-lyon.fr/temps/ (1 hits)
https://intranet-if.insa-lyon.fr/temps/3IF37.html (1 hits)
https://intranet-if.insa-lyon.fr/temps/3IF39.html (1 hits)
https://intranet-if.insa-lyon.fr/stages/Listestage.php (1 hits)
https://intranet-if.insa-lyon.fr/temps/3IF1.ics (1 hits)
