Dot-file <graphe.dot> generated.
https://intranet-if.insa-lyon.fr/temps/4IF11.html (2 hits)
https://intranet-if.insa-lyon.fr/temps/4IF10.html (1 hits)
https://intranet-if.insa-lyon.fr/temps/4IF12.html (1 hits)
https://intranet-if.insa-lyon.fr/temps/4IF13.html (1 hits)
