https://intranet-if.insa-lyon.fr/temps/4IF11.html (2 hits)
https://intranet-if.insa-lyon.fr/temps/4IF14.html (2 hits)
https://intranet-if.insa-lyon.fr/temps/4IF10.html (2 hits)
https://intranet-if.insa-lyon.fr/temps/4IF12.html (2 hits)
https://intranet-if.insa-lyon.fr/temps/4IF16.html (2 hits)
https://intranet-if.insa-lyon.fr/temps/4IF13.html (2 hits)
https://intranet-if.insa-lyon.fr/temps/4IF15.html (2 hits)
https://intranet-if.insa-lyon.fr/temps/4IF17.html (2 hits)
https://intranet-if.insa-lyon.fr/temps/4IF18.html (2 hits)
https://intranet-if.insa-lyon.fr/temps/4IF19.html (1 hits)
https://intranet-if.insa-lyon.fr/temps/4IF20.html (1 hits)