https://intranet-if.insa-lyon.fr/stages/InsaIF.ico (3 hits)
https://intranet-if.insa-lyon.fr/temps/3IF37.html (2 hits)
https://intranet-if.insa-lyon.fr/stages/bandeauFinal.jpg (2 hits)
https://intranet-if.insa-lyon.fr/stages/FondInsa.html (2 hits)
https://intranet-if.insa-lyon.fr/temps/3IF2.html (2 hits)
https://intranet-if.insa-lyon.fr/SiteWebIF/Intranet-etudiant.js (2 hits)
https://intranet-if.insa-lyon.fr/chercheurs/gcaplat/Resume%20Modeles%20&%20Metamodeles.pdf (2 hits)
https://intranet-if.insa-lyon.fr/temps/precedent.gif (2 hits)
https://intranet-if.insa-lyon.fr/temps/3IF3.html (2 hits)
https://intranet-if.insa-lyon.fr/temps/precedentee.gif (1 hits)
https://intranet-if.insa-lyon.fr/temps/3IF38.html (1 hits)
https://intranet-if.insa-lyon.fr/stages/InsaIFa.ico (1 hits)
https://intranet-if.insa-lyon.fr/temps/3IF1.html (1 hits)
