Dot-file <graphe.dot> generated.
Warning : only hits between 02:00:00 and 03:00:00 have been taken into account.
Warning : only hits on non-JS, non-CSS, non-image documents have been taken into account.
https://intranet-if.insa-lyon.fr/temps/4IF16.html (1 hits)
https://intranet-if.insa-lyon.fr/temps/3IF39.html (1 hits)
