Dot-file <graphe.dot> generated.
Warning : only hits between 02:00:00 and 03:00:00 have been taken into account.
https://intranet-if.insa-lyon.fr/temps/4IF17.html (1 hits)
https://intranet-if.insa-lyon.fr/temps/4IF16.html (1 hits)
https://intranet-if.insa-lyon.fr/favicon.ico (1 hits)
https://intranet-if.insa-lyon.fr/temps/3IF39.html (1 hits)
